// Jest Snapshot v1, https://goo.gl/fbAQLP

exports[`component: LoginForm rendering matches snapshot 1`] = `
<form
  onSubmit={[Function]}
>
  <div
    className="MuiGrid-container-1 MuiGrid-justify-xs-flex-end-19"
  >
    <div
      className="MuiGrid-item-2 MuiGrid-grid-xs-12-39"
    >
      <h1
        className="MuiTypography-root-92 MuiTypography-display1-96"
      >
        Login
      </h1>
    </div>
    <div
      className="MuiGrid-item-2 MuiGrid-grid-xs-12-39"
    >
      <div
        className="MuiFormControl-root-117 InputField-formControl-116"
        onBlur={[Function]}
        onFocus={[Function]}
      >
        <label
          className="MuiFormLabel-root-126 MuiInputLabel-root-121 MuiInputLabel-formControl-122 MuiInputLabel-animated-125"
          data-shrink={false}
          htmlFor="username"
        >
          Username
        </label>
        <div
          className="MuiInput-root-131 MuiInput-formControl-132 MuiInput-underline-135"
        >
          <input
            aria-invalid={false}
            aria-required={false}
            className="MuiInput-input-139"
            disabled={false}
            id="username"
            onBlur={[Function]}
            onChange={[Function]}
            onFocus={[Function]}
            type="text"
            value=""
          />
        </div>
        <p
          className="MuiFormHelperText-root-144"
          id="username-help-text"
        />
      </div>
    </div>
    <div
      className="MuiGrid-item-2 MuiGrid-grid-xs-12-39"
    >
      <div
        className="MuiFormControl-root-117 InputField-formControl-116"
        onBlur={[Function]}
        onFocus={[Function]}
      >
        <label
          className="MuiFormLabel-root-126 MuiInputLabel-root-121 MuiInputLabel-formControl-122 MuiInputLabel-animated-125"
          data-shrink={false}
          htmlFor="password"
        >
          Password
        </label>
        <div
          className="MuiInput-root-131 MuiInput-formControl-132 MuiInput-underline-135"
        >
          <input
            aria-invalid={false}
            aria-required={false}
            className="MuiInput-input-139 MuiInput-inputType-142"
            disabled={false}
            id="password"
            onBlur={[Function]}
            onChange={[Function]}
            onFocus={[Function]}
            type="password"
            value=""
          />
        </div>
        <p
          className="MuiFormHelperText-root-144"
          id="password-help-text"
        />
      </div>
    </div>
    <div
      className="MuiGrid-item-2 MuiGrid-grid-xs-6-33"
    >
      <button
        className="MuiButtonBase-root-170 MuiButton-root-148 MuiButton-textSecondary-151 MuiButton-flat-152 MuiButton-flatSecondary-154"
        disabled={false}
        onBlur={[Function]}
        onClick={[MockFunction]}
        onFocus={[Function]}
        onKeyDown={[Function]}
        onKeyUp={[Function]}
        onMouseDown={[Function]}
        onMouseLeave={[Function]}
        onMouseUp={[Function]}
        onTouchEnd={[Function]}
        onTouchMove={[Function]}
        onTouchStart={[Function]}
        tabIndex="0"
        type="button"
      >
        <span
          className="MuiButton-label-149"
        >
          Don't have an account? Click here to create one.
        </span>
        <span
          className="MuiTouchRipple-root-173"
        />
      </button>
    </div>
    <div
      className="MuiGrid-item-2 MuiGrid-grid-xs-6-33"
    >
      <button
        className="MuiButtonBase-root-170 MuiButton-root-148 MuiButton-contained-157 MuiButton-containedPrimary-158 MuiButton-raised-160 MuiButton-raisedPrimary-161"
        disabled={false}
        onBlur={[Function]}
        onFocus={[Function]}
        onKeyDown={[Function]}
        onKeyUp={[Function]}
        onMouseDown={[Function]}
        onMouseLeave={[Function]}
        onMouseUp={[Function]}
        onTouchEnd={[Function]}
        onTouchMove={[Function]}
        onTouchStart={[Function]}
        tabIndex="0"
        type="submit"
      >
        <span
          className="MuiButton-label-149"
        >
          Login
        </span>
        <span
          className="MuiTouchRipple-root-173"
        />
      </button>
    </div>
  </div>
</form>
`;
